// Jest Snapshot v1, https://goo.gl/fbAQLP

exports[`<Header /> should render a div 1`] = `
<div>
  <a
    class="A-damfpl-0 A-sc-58l0ok-0 dIqLZr"
    href="https://www.reactboilerplate.com/"
  >
    <img
      alt="react-boilerplate - Logo"
      class="Img-a44nvs-0 oHVbb"
      src="IMAGE_MOCK"
    />
  </a>
  <div
    class="NavBar-sc-1ej8ic0-0 kaqZsu"
  >
    <a
      class="HeaderLink-sc-1o7p20q-0 dqRTXf"
      href="/"
    >
      <span>
        Home
      </span>
    </a>
    <a
      class="HeaderLink-sc-1o7p20q-0 dqRTXf"
      href="/features"
    >
      <span>
        Features
      </span>
    </a>
  </div>
</div>
`;
