// Jest Snapshot v1, https://goo.gl/fbAQLP

exports[`<Footer /> should render and match the snapshot 1`] = `
<footer
  className="Wrapper-vj4cig-0 dJaMuO"
>
  <section>
    <span>
      
      Made with love by 
      <a
        className="A-damfpl-0 qKQfA"
        href="https://www.linkedin.com/in/tkfeng"
      >
        TK Feng
      </a>
      .
    
    </span>
  </section>
  <section>
    <div
      className="Wrapper-jhpbm2-0 eSBrok"
    >
      <span>
        Language
      </span>
      <select
        className="Select-hlaakz-0 fNAyrU"
        onChange={[Function]}
        value="en"
      >
        <option
          value="en"
        >
          en
        </option>
        <option
          value="de"
        >
          de
        </option>
      </select>
    </div>
  </section>
</footer>
`;
